<?xml version="1.0" encoding="UTF-8"?>
<testsuites name="jest tests" tests="8" failures="0" time="7.235">
  <testsuite name="joinBySpace" errors="0" failures="0" skipped="0" timestamp="2019-09-17T08:29:55" time="4.779" tests="6">
    <testcase classname="joinBySpace 接受一个 className cat" name="joinBySpace 接受一个 className cat" time="0.006">
    </testcase>
    <testcase classname="joinBySpace 接受2个 className cat dog" name="joinBySpace 接受2个 className cat dog" time="0">
    </testcase>
    <testcase classname="joinBySpace 接受多个 className" name="joinBySpace 接受多个 className" time="0.001">
    </testcase>
    <testcase classname="joinBySpace 接受 cat null" name="joinBySpace 接受 cat null" time="0">
    </testcase>
    <testcase classname="joinBySpace 接受 cat 和空格字符串 " name="joinBySpace 接受 cat 和空格字符串 " time="0">
    </testcase>
    <testcase classname="joinBySpace 接受 cat 和 undefined " name="joinBySpace 接受 cat 和 undefined " time="0">
    </testcase>
  </testsuite>
  <testsuite name="icon 的简单测试" errors="0" failures="0" skipped="0" timestamp="2019-09-17T08:29:59" time="0.464" tests="1">
    <testcase classname="icon 的简单测试 渲染是否成功" name="icon 的简单测试 渲染是否成功" time="0.017">
    </testcase>
  </testsuite>
  <testsuite name="Button 的简单测试" errors="0" failures="0" skipped="0" timestamp="2019-09-17T08:30:00" time="0.371" tests="1">
    <testcase classname="Button 的简单测试 渲染是否成功" name="Button 的简单测试 渲染是否成功" time="0.003">
    </testcase>
  </testsuite>
</testsuites>